// Jest Snapshot v1, https://goo.gl/fbAQLP

exports[`A p√°gina de configuracao Deve ser configurada corretamente 1`] = `
<div>
  <form>
    <input
      placeholder="Insira o nome dos participantes"
      type="text"
      value=""
    />
    <button
      disabled=""
    >
      Adicionar
    </button>
    
  </form>
  <ul />
  <button
    disabled=""
  >
    Iniciar Brincadeira
  </button>
</div>
`;
